[INFO] Scanning for projects...
[INFO] 
[INFO] ----------------------< com.ngxcrm:c360-service >-----------------------
[INFO] Building c360-service 0.0.1-SNAPSHOT
[INFO]   from pom.xml
[INFO] --------------------------------[ jar ]---------------------------------
[INFO] 
[INFO] >>> spring-boot:4.0.3:run (default-cli) > test-compile @ c360-service >>>
[INFO] 
[INFO] --- resources:3.3.1:resources (default-resources) @ c360-service ---
[INFO] Copying 2 resources from src/main/resources to target/classes
[INFO] Copying 1 resource from src/main/resources to target/classes
[INFO] 
[INFO] --- compiler:3.14.1:compile (default-compile) @ c360-service ---
[INFO] Recompiling the module because of added or removed source files.
[INFO] Compiling 8 source files with javac [debug parameters release 17] to target/classes
[INFO] 
[INFO] --- resources:3.3.1:testResources (default-testResources) @ c360-service ---
[INFO] skip non existing resourceDirectory /Users/rameshbabukm/Documents/Projects/ngx-crm/backend/c360-service/src/test/resources
[INFO] 
[INFO] --- compiler:3.14.1:testCompile (default-testCompile) @ c360-service ---
[INFO] Recompiling the module because of changed dependency.
[INFO] Compiling 1 source file with javac [debug parameters release 17] to target/test-classes
[INFO] 
[INFO] <<< spring-boot:4.0.3:run (default-cli) < test-compile @ c360-service <<<
[INFO] 
[INFO] 
[INFO] --- spring-boot:4.0.3:run (default-cli) @ c360-service ---
[INFO] Attaching agents: []

  .   ____          _            __ _ _
 /\\ / ___'_ __ _ _(_)_ __  __ _ \ \ \ \
( ( )\___ | '_ | '_| | '_ \/ _` | \ \ \ \
 \\/  ___)| |_)| | | | | || (_| |  ) ) ) )
  '  |____| .__|_| |_|_| |_\__, | / / / /
 =========|_|==============|___/=/_/_/_/

 :: Spring Boot ::                (v4.0.3)

2026-02-21T09:58:35.641+05:30  INFO 54505 --- [c360-service] [           main] com.ngxcrm.c360.C360ServiceApplication   : Starting C360ServiceApplication using Java 17.0.12 with PID 54505 (/Users/rameshbabukm/Documents/Projects/ngx-crm/backend/c360-service/target/classes started by rameshbabukm in /Users/rameshbabukm/Documents/Projects/ngx-crm/backend/c360-service)
2026-02-21T09:58:35.642+05:30  INFO 54505 --- [c360-service] [           main] com.ngxcrm.c360.C360ServiceApplication   : No active profile set, falling back to 1 default profile: "default"
2026-02-21T09:58:35.906+05:30  INFO 54505 --- [c360-service] [           main] .s.d.r.c.RepositoryConfigurationDelegate : Bootstrapping Spring Data JPA repositories in DEFAULT mode.
2026-02-21T09:58:35.962+05:30  INFO 54505 --- [c360-service] [           main] .s.d.r.c.RepositoryConfigurationDelegate : Finished Spring Data repository scanning in 53 ms. Found 2 JPA repository interfaces.
2026-02-21T09:58:36.177+05:30  INFO 54505 --- [c360-service] [           main] o.s.boot.tomcat.TomcatWebServer          : Tomcat initialized with port 8087 (http)
2026-02-21T09:58:36.182+05:30  INFO 54505 --- [c360-service] [           main] o.apache.catalina.core.StandardService   : Starting service [Tomcat]
2026-02-21T09:58:36.182+05:30  INFO 54505 --- [c360-service] [           main] o.apache.catalina.core.StandardEngine    : Starting Servlet engine: [Apache Tomcat/11.0.18]
2026-02-21T09:58:36.201+05:30  INFO 54505 --- [c360-service] [           main] b.w.c.s.WebApplicationContextInitializer : Root WebApplicationContext: initialization completed in 539 ms
2026-02-21T09:58:36.294+05:30  INFO 54505 --- [c360-service] [           main] org.hibernate.orm.jpa                    : HHH008540: Processing PersistenceUnitInfo [name: default]
2026-02-21T09:58:36.315+05:30  INFO 54505 --- [c360-service] [           main] org.hibernate.orm.core                   : HHH000001: Hibernate ORM core version 7.2.4.Final
2026-02-21T09:58:36.479+05:30  INFO 54505 --- [c360-service] [           main] o.s.o.j.p.SpringPersistenceUnitInfo      : No LoadTimeWeaver setup: ignoring JPA class transformer
2026-02-21T09:58:36.492+05:30  INFO 54505 --- [c360-service] [           main] com.zaxxer.hikari.HikariDataSource       : HikariPool-1 - Starting...
2026-02-21T09:58:36.584+05:30  INFO 54505 --- [c360-service] [           main] com.zaxxer.hikari.pool.HikariPool        : HikariPool-1 - Added connection org.postgresql.jdbc.PgConnection@767b9d66
2026-02-21T09:58:36.585+05:30  INFO 54505 --- [c360-service] [           main] com.zaxxer.hikari.HikariDataSource       : HikariPool-1 - Start completed.
2026-02-21T09:58:36.606+05:30  WARN 54505 --- [c360-service] [           main] org.hibernate.orm.deprecation            : HHH90000025: PostgreSQLDialect does not need to be specified explicitly using 'hibernate.dialect' (remove the property setting and it will be selected by default)
2026-02-21T09:58:36.617+05:30  INFO 54505 --- [c360-service] [           main] org.hibernate.orm.connections.pooling    : HHH10001005: Database info:
	Database JDBC URL [jdbc:postgresql://localhost:5432/c360_db]
	Database driver: PostgreSQL JDBC Driver
	Database dialect: PostgreSQLDialect
	Database version: 15.16
	Default catalog/schema: c360_db/public
	Autocommit mode: undefined/unknown
	Isolation level: READ_COMMITTED [default READ_COMMITTED]
	JDBC fetch size: none
	Pool: DataSourceConnectionProvider
	Minimum pool size: undefined/unknown
	Maximum pool size: undefined/unknown
2026-02-21T09:58:37.017+05:30  INFO 54505 --- [c360-service] [           main] org.hibernate.orm.core                   : HHH000489: No JTA platform available (set 'hibernate.transaction.jta.platform' to enable JTA platform integration)
Hibernate: 
    create table accounts (
        id uuid not null,
        created_at timestamp(6) with time zone not null,
        industry varchar(255),
        name varchar(255) not null,
        tier varchar(255),
        website varchar(255),
        primary key (id)
    )
Hibernate: 
    create table contacts (
        id uuid not null,
        email varchar(255) not null,
        first_name varchar(255) not null,
        job_title varchar(255),
        last_name varchar(255) not null,
        phone varchar(255),
        account_id uuid,
        primary key (id)
    )
Hibernate: 
    alter table if exists contacts 
       drop constraint if exists UK728mksvqr0n907kujew6p3jc0
2026-02-21T09:58:37.070+05:30  WARN 54505 --- [c360-service] [           main] org.hibernate.orm.jdbc.warn              : HHH000247: ErrorCode: 0, SQLState: 00000
2026-02-21T09:58:37.070+05:30  WARN 54505 --- [c360-service] [           main] org.hibernate.orm.jdbc.warn              : constraint "uk728mksvqr0n907kujew6p3jc0" of relation "contacts" does not exist, skipping
Hibernate: 
    alter table if exists contacts 
       add constraint UK728mksvqr0n907kujew6p3jc0 unique (email)
Hibernate: 
    alter table if exists contacts 
       add constraint FKl4tvq8qk7x11e16v2cnp1mja8 
       foreign key (account_id) 
       references accounts
2026-02-21T09:58:37.075+05:30  INFO 54505 --- [c360-service] [           main] j.LocalContainerEntityManagerFactoryBean : Initialized JPA EntityManagerFactory for persistence unit 'default'
2026-02-21T09:58:37.108+05:30  INFO 54505 --- [c360-service] [           main] o.s.d.j.r.query.QueryEnhancerFactories   : Hibernate is in classpath; If applicable, HQL parser will be used.
2026-02-21T09:58:37.205+05:30  WARN 54505 --- [c360-service] [           main] JpaBaseConfiguration$JpaWebConfiguration : spring.jpa.open-in-view is enabled by default. Therefore, database queries may be performed during view rendering. Explicitly configure spring.jpa.open-in-view to disable this warning
2026-02-21T09:58:37.356+05:30  INFO 54505 --- [c360-service] [           main] efaultSchemaResourceGraphQlSourceBuilder : Loaded 1 resource(s) in the GraphQL schema.
2026-02-21T09:58:37.420+05:30  INFO 54505 --- [c360-service] [           main] o.s.b.g.a.GraphQlAutoConfiguration       : GraphQL schema inspection:
	Unmapped fields: {}
	Unmapped registrations: {}
	Unmapped arguments: {}
	Field nullness errors: {}
	Argument nullness errors: {}
	Skipped types: []
2026-02-21T09:58:37.428+05:30  INFO 54505 --- [c360-service] [           main] s.b.g.a.s.GraphQlWebMvcAutoConfiguration : GraphQL endpoint HTTP POST /graphql
2026-02-21T09:58:37.532+05:30  INFO 54505 --- [c360-service] [           main] o.s.b.a.e.web.EndpointLinksResolver      : Exposing 1 endpoint beneath base path '/actuator'
2026-02-21T09:58:37.565+05:30  INFO 54505 --- [c360-service] [           main] o.s.boot.tomcat.TomcatWebServer          : Tomcat started on port 8087 (http) with context path '/'
2026-02-21T09:58:37.569+05:30  INFO 54505 --- [c360-service] [           main] com.ngxcrm.c360.C360ServiceApplication   : Started C360ServiceApplication in 2.089 seconds (process running for 2.245)
2026-02-21T09:59:14.798+05:30  INFO 54505 --- [c360-service] [nio-8087-exec-1] o.a.c.c.C.[Tomcat].[localhost].[/]       : Initializing Spring DispatcherServlet 'dispatcherServlet'
2026-02-21T09:59:14.798+05:30  INFO 54505 --- [c360-service] [nio-8087-exec-1] o.s.web.servlet.DispatcherServlet        : Initializing Servlet 'dispatcherServlet'
2026-02-21T09:59:14.799+05:30  INFO 54505 --- [c360-service] [nio-8087-exec-1] o.s.web.servlet.DispatcherServlet        : Completed initialization in 1 ms
Hibernate: 
    insert 
    into
        accounts
        (created_at, industry, name, tier, website, id) 
    values
        (?, ?, ?, ?, ?, ?)
Hibernate: 
    select
        a1_0.id,
        a1_0.created_at,
        a1_0.industry,
        a1_0.name,
        a1_0.tier,
        a1_0.website 
    from
        accounts a1_0 
    where
        a1_0.id=?
Hibernate: 
    insert 
    into
        contacts
        (account_id, email, first_name, job_title, last_name, phone, id) 
    values
        (?, ?, ?, ?, ?, ?, ?)
Hibernate: 
    select
        c1_0.id,
        c1_0.account_id,
        c1_0.email,
        c1_0.first_name,
        c1_0.job_title,
        c1_0.last_name,
        c1_0.phone 
    from
        contacts c1_0 
    where
        c1_0.account_id=?
2026-02-21T10:33:16.806+05:30  INFO 54505 --- [c360-service] [ionShutdownHook] o.s.boot.tomcat.GracefulShutdown         : Commencing graceful shutdown. Waiting for active requests to complete
2026-02-21T10:33:16.822+05:30  INFO 54505 --- [c360-service] [tomcat-shutdown] o.s.boot.tomcat.GracefulShutdown         : Graceful shutdown complete
2026-02-21T10:33:16.826+05:30  INFO 54505 --- [c360-service] [ionShutdownHook] j.LocalContainerEntityManagerFactoryBean : Closing JPA EntityManagerFactory for persistence unit 'default'
2026-02-21T10:33:16.830+05:30  INFO 54505 --- [c360-service] [ionShutdownHook] com.zaxxer.hikari.HikariDataSource       : HikariPool-1 - Shutdown initiated...
2026-02-21T10:33:16.847+05:30  INFO 54505 --- [c360-service] [ionShutdownHook] com.zaxxer.hikari.HikariDataSource       : HikariPool-1 - Shutdown completed.
