[INFO] Scanning for projects...
[INFO] 
[INFO] ----------------------< com.ngxcrm:sales-service >----------------------
[INFO] Building sales-service 0.0.1-SNAPSHOT
[INFO]   from pom.xml
[INFO] --------------------------------[ jar ]---------------------------------
[INFO] 
[INFO] >>> spring-boot:4.0.3:run (default-cli) > test-compile @ sales-service >>>
[INFO] 
[INFO] --- resources:3.3.1:resources (default-resources) @ sales-service ---
[INFO] Copying 1 resource from src/main/resources to target/classes
[INFO] Copying 1 resource from src/main/resources to target/classes
[INFO] 
[INFO] --- compiler:3.14.1:compile (default-compile) @ sales-service ---
[INFO] Recompiling the module because of added or removed source files.
[INFO] Compiling 13 source files with javac [debug parameters release 17] to target/classes
[INFO] 
[INFO] --- resources:3.3.1:testResources (default-testResources) @ sales-service ---
[INFO] skip non existing resourceDirectory /Users/rameshbabukm/Documents/Projects/ngx-crm/backend/sales-service/src/test/resources
[INFO] 
[INFO] --- compiler:3.14.1:testCompile (default-testCompile) @ sales-service ---
[INFO] Recompiling the module because of changed dependency.
[INFO] Compiling 1 source file with javac [debug parameters release 17] to target/test-classes
[INFO] 
[INFO] <<< spring-boot:4.0.3:run (default-cli) < test-compile @ sales-service <<<
[INFO] 
[INFO] 
[INFO] --- spring-boot:4.0.3:run (default-cli) @ sales-service ---
[INFO] Attaching agents: []

  .   ____          _            __ _ _
 /\\ / ___'_ __ _ _(_)_ __  __ _ \ \ \ \
( ( )\___ | '_ | '_| | '_ \/ _` | \ \ \ \
 \\/  ___)| |_)| | | | | || (_| |  ) ) ) )
  '  |____| .__|_| |_|_| |_\__, | / / / /
 =========|_|==============|___/=/_/_/_/

 :: Spring Boot ::                (v4.0.3)

2026-02-21T09:45:44.513+05:30  INFO 46146 --- [sales-service] [           main] c.ngxcrm.sales.SalesServiceApplication   : Starting SalesServiceApplication using Java 17.0.12 with PID 46146 (/Users/rameshbabukm/Documents/Projects/ngx-crm/backend/sales-service/target/classes started by rameshbabukm in /Users/rameshbabukm/Documents/Projects/ngx-crm/backend/sales-service)
2026-02-21T09:45:44.515+05:30  INFO 46146 --- [sales-service] [           main] c.ngxcrm.sales.SalesServiceApplication   : No active profile set, falling back to 1 default profile: "default"
2026-02-21T09:45:44.774+05:30  INFO 46146 --- [sales-service] [           main] .s.d.r.c.RepositoryConfigurationDelegate : Bootstrapping Spring Data JPA repositories in DEFAULT mode.
2026-02-21T09:45:44.827+05:30  INFO 46146 --- [sales-service] [           main] .s.d.r.c.RepositoryConfigurationDelegate : Finished Spring Data repository scanning in 49 ms. Found 3 JPA repository interfaces.
2026-02-21T09:45:45.044+05:30  INFO 46146 --- [sales-service] [           main] o.s.boot.tomcat.TomcatWebServer          : Tomcat initialized with port 8081 (http)
2026-02-21T09:45:45.048+05:30  INFO 46146 --- [sales-service] [           main] o.apache.catalina.core.StandardService   : Starting service [Tomcat]
2026-02-21T09:45:45.048+05:30  INFO 46146 --- [sales-service] [           main] o.apache.catalina.core.StandardEngine    : Starting Servlet engine: [Apache Tomcat/11.0.18]
2026-02-21T09:45:45.066+05:30  INFO 46146 --- [sales-service] [           main] b.w.c.s.WebApplicationContextInitializer : Root WebApplicationContext: initialization completed in 533 ms
2026-02-21T09:45:45.152+05:30  INFO 46146 --- [sales-service] [           main] org.hibernate.orm.jpa                    : HHH008540: Processing PersistenceUnitInfo [name: default]
2026-02-21T09:45:45.168+05:30  INFO 46146 --- [sales-service] [           main] org.hibernate.orm.core                   : HHH000001: Hibernate ORM core version 7.2.4.Final
2026-02-21T09:45:45.312+05:30  INFO 46146 --- [sales-service] [           main] o.s.o.j.p.SpringPersistenceUnitInfo      : No LoadTimeWeaver setup: ignoring JPA class transformer
2026-02-21T09:45:45.323+05:30  INFO 46146 --- [sales-service] [           main] com.zaxxer.hikari.HikariDataSource       : HikariPool-1 - Starting...
2026-02-21T09:45:45.391+05:30  INFO 46146 --- [sales-service] [           main] com.zaxxer.hikari.pool.HikariPool        : HikariPool-1 - Added connection org.postgresql.jdbc.PgConnection@b548f51
2026-02-21T09:45:45.392+05:30  INFO 46146 --- [sales-service] [           main] com.zaxxer.hikari.HikariDataSource       : HikariPool-1 - Start completed.
2026-02-21T09:45:45.405+05:30  WARN 46146 --- [sales-service] [           main] org.hibernate.orm.deprecation            : HHH90000025: PostgreSQLDialect does not need to be specified explicitly using 'hibernate.dialect' (remove the property setting and it will be selected by default)
2026-02-21T09:45:45.415+05:30  INFO 46146 --- [sales-service] [           main] org.hibernate.orm.connections.pooling    : HHH10001005: Database info:
	Database JDBC URL [jdbc:postgresql://localhost:5432/sales_db]
	Database driver: PostgreSQL JDBC Driver
	Database dialect: PostgreSQLDialect
	Database version: 15.16
	Default catalog/schema: sales_db/public
	Autocommit mode: undefined/unknown
	Isolation level: READ_COMMITTED [default READ_COMMITTED]
	JDBC fetch size: none
	Pool: DataSourceConnectionProvider
	Minimum pool size: undefined/unknown
	Maximum pool size: undefined/unknown
2026-02-21T09:45:45.767+05:30  INFO 46146 --- [sales-service] [           main] org.hibernate.orm.core                   : HHH000489: No JTA platform available (set 'hibernate.transaction.jta.platform' to enable JTA platform integration)
2026-02-21T09:45:45.805+05:30  INFO 46146 --- [sales-service] [           main] j.LocalContainerEntityManagerFactoryBean : Initialized JPA EntityManagerFactory for persistence unit 'default'
2026-02-21T09:45:45.834+05:30  INFO 46146 --- [sales-service] [           main] o.s.d.j.r.query.QueryEnhancerFactories   : Hibernate is in classpath; If applicable, HQL parser will be used.
2026-02-21T09:45:45.908+05:30  WARN 46146 --- [sales-service] [           main] JpaBaseConfiguration$JpaWebConfiguration : spring.jpa.open-in-view is enabled by default. Therefore, database queries may be performed during view rendering. Explicitly configure spring.jpa.open-in-view to disable this warning
2026-02-21T09:45:46.066+05:30  INFO 46146 --- [sales-service] [           main] efaultSchemaResourceGraphQlSourceBuilder : Loaded 1 resource(s) in the GraphQL schema.
2026-02-21T09:45:46.137+05:30  INFO 46146 --- [sales-service] [           main] o.s.b.g.a.GraphQlAutoConfiguration       : GraphQL schema inspection:
	Unmapped fields: {}
	Unmapped registrations: {}
	Unmapped arguments: {}
	Field nullness errors: {}
	Argument nullness errors: {}
	Skipped types: []
2026-02-21T09:45:46.146+05:30  INFO 46146 --- [sales-service] [           main] s.b.g.a.s.GraphQlWebMvcAutoConfiguration : GraphQL endpoint HTTP POST /graphql
2026-02-21T09:45:46.280+05:30  INFO 46146 --- [sales-service] [           main] o.s.b.a.e.web.EndpointLinksResolver      : Exposing 1 endpoint beneath base path '/actuator'
2026-02-21T09:45:46.313+05:30  INFO 46146 --- [sales-service] [           main] o.s.boot.tomcat.TomcatWebServer          : Tomcat started on port 8081 (http) with context path '/'
2026-02-21T09:45:46.317+05:30  INFO 46146 --- [sales-service] [           main] c.ngxcrm.sales.SalesServiceApplication   : Started SalesServiceApplication in 1.962 seconds (process running for 2.115)
2026-02-21T09:46:23.888+05:30  INFO 46146 --- [sales-service] [nio-8081-exec-1] o.a.c.c.C.[Tomcat].[localhost].[/]       : Initializing Spring DispatcherServlet 'dispatcherServlet'
2026-02-21T09:46:23.888+05:30  INFO 46146 --- [sales-service] [nio-8081-exec-1] o.s.web.servlet.DispatcherServlet        : Initializing Servlet 'dispatcherServlet'
2026-02-21T09:46:23.889+05:30  INFO 46146 --- [sales-service] [nio-8081-exec-1] o.s.web.servlet.DispatcherServlet        : Completed initialization in 1 ms
Hibernate: 
    insert 
    into
        leads
        (company, created_at, email, name, owner_id, score, status, id) 
    values
        (?, ?, ?, ?, ?, ?, ?, ?)
Hibernate: 
    insert 
    into
        outbox_events
        (aggregate_id, aggregate_type, created_at, payload, type, id) 
    values
        (?, ?, ?, ?, ?, ?)
Hibernate: 
    insert 
    into
        leads
        (company, created_at, email, name, owner_id, score, status, id) 
    values
        (?, ?, ?, ?, ?, ?, ?, ?)
Hibernate: 
    insert 
    into
        outbox_events
        (aggregate_id, aggregate_type, created_at, payload, type, id) 
    values
        (?, ?, ?, ?, ?, ?)
Hibernate: 
    insert 
    into
        leads
        (company, created_at, email, name, owner_id, score, status, id) 
    values
        (?, ?, ?, ?, ?, ?, ?, ?)
Hibernate: 
    insert 
    into
        outbox_events
        (aggregate_id, aggregate_type, created_at, payload, type, id) 
    values
        (?, ?, ?, ?, ?, ?)
Hibernate: 
    insert 
    into
        leads
        (company, created_at, email, name, owner_id, score, status, id) 
    values
        (?, ?, ?, ?, ?, ?, ?, ?)
Hibernate: 
    insert 
    into
        outbox_events
        (aggregate_id, aggregate_type, created_at, payload, type, id) 
    values
        (?, ?, ?, ?, ?, ?)
2026-02-21T10:33:16.779+05:30  INFO 46146 --- [sales-service] [ionShutdownHook] o.s.boot.tomcat.GracefulShutdown         : Commencing graceful shutdown. Waiting for active requests to complete
2026-02-21T10:33:16.796+05:30  INFO 46146 --- [sales-service] [tomcat-shutdown] o.s.boot.tomcat.GracefulShutdown         : Graceful shutdown complete
2026-02-21T10:33:16.804+05:30  INFO 46146 --- [sales-service] [ionShutdownHook] j.LocalContainerEntityManagerFactoryBean : Closing JPA EntityManagerFactory for persistence unit 'default'
2026-02-21T10:33:16.808+05:30  INFO 46146 --- [sales-service] [ionShutdownHook] com.zaxxer.hikari.HikariDataSource       : HikariPool-1 - Shutdown initiated...
2026-02-21T10:33:16.818+05:30  INFO 46146 --- [sales-service] [ionShutdownHook] com.zaxxer.hikari.HikariDataSource       : HikariPool-1 - Shutdown completed.
