[INFO] Scanning for projects...
[INFO] 
[INFO] -----------------------< com.ngxcrm:api-gateway >-----------------------
[INFO] Building api-gateway 0.0.1-SNAPSHOT
[INFO]   from pom.xml
[INFO] --------------------------------[ jar ]---------------------------------
[INFO] 
[INFO] >>> spring-boot:4.0.3:run (default-cli) > test-compile @ api-gateway >>>
[INFO] 
[INFO] --- resources:3.3.1:resources (default-resources) @ api-gateway ---
[INFO] Copying 1 resource from src/main/resources to target/classes
[INFO] Copying 0 resource from src/main/resources to target/classes
[INFO] 
[INFO] --- compiler:3.14.1:compile (default-compile) @ api-gateway ---
[INFO] Nothing to compile - all classes are up to date.
[INFO] 
[INFO] --- resources:3.3.1:testResources (default-testResources) @ api-gateway ---
[INFO] skip non existing resourceDirectory /Users/rameshbabukm/Documents/Projects/ngx-crm/backend/api-gateway/src/test/resources
[INFO] 
[INFO] --- compiler:3.14.1:testCompile (default-testCompile) @ api-gateway ---
[INFO] Nothing to compile - all classes are up to date.
[INFO] 
[INFO] <<< spring-boot:4.0.3:run (default-cli) < test-compile @ api-gateway <<<
[INFO] 
[INFO] 
[INFO] --- spring-boot:4.0.3:run (default-cli) @ api-gateway ---
[INFO] Attaching agents: []

  .   ____          _            __ _ _
 /\\ / ___'_ __ _ _(_)_ __  __ _ \ \ \ \
( ( )\___ | '_ | '_| | '_ \/ _` | \ \ \ \
 \\/  ___)| |_)| | | | | || (_| |  ) ) ) )
  '  |____| .__|_| |_|_| |_\__, | / / / /
 =========|_|==============|___/=/_/_/_/

 :: Spring Boot ::                (v4.0.3)

2026-02-21T11:07:43.573+05:30  INFO 73920 --- [api-gateway] [           main] c.ngxcrm.gateway.ApiGatewayApplication   : Starting ApiGatewayApplication using Java 17.0.12 with PID 73920 (/Users/rameshbabukm/Documents/Projects/ngx-crm/backend/api-gateway/target/classes started by rameshbabukm in /Users/rameshbabukm/Documents/Projects/ngx-crm/backend/api-gateway)
2026-02-21T11:07:43.575+05:30  INFO 73920 --- [api-gateway] [           main] c.ngxcrm.gateway.ApiGatewayApplication   : No active profile set, falling back to 1 default profile: "default"
2026-02-21T11:07:43.854+05:30  INFO 73920 --- [api-gateway] [           main] o.s.cloud.context.scope.GenericScope     : BeanFactory id=b63e3870-9088-39a8-85bf-420535e6469b
2026-02-21T11:07:45.040+05:30  INFO 73920 --- [api-gateway] [           main] o.s.cloud.commons.util.InetUtils         : Cannot determine local hostname
2026-02-21T11:07:45.167+05:30  INFO 73920 --- [api-gateway] [           main] o.s.c.g.r.RouteDefinitionRouteLocator    : Loaded RoutePredicateFactory [After]
2026-02-21T11:07:45.167+05:30  INFO 73920 --- [api-gateway] [           main] o.s.c.g.r.RouteDefinitionRouteLocator    : Loaded RoutePredicateFactory [Before]
2026-02-21T11:07:45.167+05:30  INFO 73920 --- [api-gateway] [           main] o.s.c.g.r.RouteDefinitionRouteLocator    : Loaded RoutePredicateFactory [Between]
2026-02-21T11:07:45.167+05:30  INFO 73920 --- [api-gateway] [           main] o.s.c.g.r.RouteDefinitionRouteLocator    : Loaded RoutePredicateFactory [Cookie]
2026-02-21T11:07:45.167+05:30  INFO 73920 --- [api-gateway] [           main] o.s.c.g.r.RouteDefinitionRouteLocator    : Loaded RoutePredicateFactory [Header]
2026-02-21T11:07:45.167+05:30  INFO 73920 --- [api-gateway] [           main] o.s.c.g.r.RouteDefinitionRouteLocator    : Loaded RoutePredicateFactory [Host]
2026-02-21T11:07:45.167+05:30  INFO 73920 --- [api-gateway] [           main] o.s.c.g.r.RouteDefinitionRouteLocator    : Loaded RoutePredicateFactory [Method]
2026-02-21T11:07:45.167+05:30  INFO 73920 --- [api-gateway] [           main] o.s.c.g.r.RouteDefinitionRouteLocator    : Loaded RoutePredicateFactory [Path]
2026-02-21T11:07:45.168+05:30  INFO 73920 --- [api-gateway] [           main] o.s.c.g.r.RouteDefinitionRouteLocator    : Loaded RoutePredicateFactory [Query]
2026-02-21T11:07:45.168+05:30  INFO 73920 --- [api-gateway] [           main] o.s.c.g.r.RouteDefinitionRouteLocator    : Loaded RoutePredicateFactory [ReadBody]
2026-02-21T11:07:45.168+05:30  INFO 73920 --- [api-gateway] [           main] o.s.c.g.r.RouteDefinitionRouteLocator    : Loaded RoutePredicateFactory [RemoteAddr]
2026-02-21T11:07:45.168+05:30  INFO 73920 --- [api-gateway] [           main] o.s.c.g.r.RouteDefinitionRouteLocator    : Loaded RoutePredicateFactory [Version]
2026-02-21T11:07:45.168+05:30  INFO 73920 --- [api-gateway] [           main] o.s.c.g.r.RouteDefinitionRouteLocator    : Loaded RoutePredicateFactory [XForwardedRemoteAddr]
2026-02-21T11:07:45.168+05:30  INFO 73920 --- [api-gateway] [           main] o.s.c.g.r.RouteDefinitionRouteLocator    : Loaded RoutePredicateFactory [Weight]
2026-02-21T11:07:45.168+05:30  INFO 73920 --- [api-gateway] [           main] o.s.c.g.r.RouteDefinitionRouteLocator    : Loaded RoutePredicateFactory [CloudFoundryRouteService]
2026-02-21T11:07:46.234+05:30  INFO 73920 --- [api-gateway] [           main] o.s.cloud.commons.util.InetUtils         : Cannot determine local hostname
2026-02-21T11:07:46.293+05:30  INFO 73920 --- [api-gateway] [           main] o.s.boot.reactor.netty.NettyWebServer    : Netty started on port 8080 (http)
2026-02-21T11:07:47.300+05:30  INFO 73920 --- [api-gateway] [           main] o.s.cloud.commons.util.InetUtils         : Cannot determine local hostname
2026-02-21T11:07:48.306+05:30  INFO 73920 --- [api-gateway] [           main] o.s.cloud.commons.util.InetUtils         : Cannot determine local hostname
2026-02-21T11:07:48.335+05:30  INFO 73920 --- [api-gateway] [           main] c.ngxcrm.gateway.ApiGatewayApplication   : Started ApiGatewayApplication in 5.968 seconds (process running for 6.218)
2026-02-21T12:47:45.929+05:30  INFO 73920 --- [api-gateway] [ionShutdownHook] o.s.boot.reactor.netty.GracefulShutdown  : Commencing graceful shutdown. Waiting for active requests to complete
2026-02-21T12:47:45.933+05:30  INFO 73920 --- [api-gateway] [ netty-shutdown] o.s.boot.reactor.netty.GracefulShutdown  : Graceful shutdown complete
[INFO] ------------------------------------------------------------------------
[INFO] BUILD FAILURE
[INFO] ------------------------------------------------------------------------
[INFO] Total time:  01:40 h
[INFO] Finished at: 2026-02-21T12:47:48+05:30
[INFO] ------------------------------------------------------------------------
[ERROR] Failed to execute goal org.springframework.boot:spring-boot-maven-plugin:4.0.3:run (default-cli) on project api-gateway: Process terminated with exit code: 143 -> [Help 1]
[ERROR] 
[ERROR] To see the full stack trace of the errors, re-run Maven with the -e switch.
[ERROR] Re-run Maven using the -X switch to enable full debug logging.
[ERROR] 
[ERROR] For more information about the errors and possible solutions, please read the following articles:
[ERROR] [Help 1] http://cwiki.apache.org/confluence/display/MAVEN/MojoExecutionException
n
